118 135 118 118 118 118 276 118 216 153 135 148 219 118 118 160 176 214 190 144 118 186 311 118 118 135 112 186 118 118 135 160 214 176 239 227 160 191 118 197 118 137 148 118 159 118 160 135 154 118 118 112 332 118 257 118 118 118 118 118 209 118 178 112 347 118 153 253 195 118 118 165 160 166 153 176 118 132 173 129 144 137 118 227 118 118 145 135 118 135 230 160 135 274 118 197 118 145 118 153 