227 132 170 291 128 264 170 113 170 113 128 151 170 241 151 136 113 170 113 113 113 128 151 124 561 113 132 170 165 240 125 112 151 157 112 151 125 712 191 124 136 151 132 151 264 151 113 165 275 170 193 151 186 151 151 170 170 185 254 165 170 228 267 113 112 113 170 185 170 291 132 127 151 113 113 151 132 579 128 151 349 151 151 405 128 113 151 113 297 170 169 121 168 151 141 170 411 132 113 228 