178 103 103 147 103 333 112 240 156 147 483 271 150 103 103 103 526 150 103 174 191 103 132 164 103 132 132 147 153 132 103 103 103 103 147 112 103 103 163 103 198 150 103 103 123 103 111 103 132 132 103 150 262 103 104 103 256 103 367 152 150 140 119 150 103 147 103 103 147 103 132 132 150 147 103 216 202 103 483 560 195 103 150 121 297 103 171 103 381 132 144 111 121 103 115 119 147 103 112 134 