113 139 221 113 128 135 135 113 206 128 211 199 175 113 248 139 199 175 109 113 183 113 199 124 203 273 116 113 124 135 164 113 258 258 122 360 203 113 139 273 176 185 552 109 229 199 206 159 175 113 253 123 121 121 182 158 192 185 113 109 113 135 121 121 139 503 113 148 138 295 124 113 158 211 469 121 124 122 158 109 221 172 139 124 211 273 113 199 113 273 206 113 148 128 121 303 148 248 109 214 