96 96 96 96 96 147 96 96 96 96 96 96 96 96 96 96 99 96 96 96 96 96 96 96 96 96 136 96 96 96 96 96 