54 51 84 43 59 138 111 88 45 49 92 46 68 51 46 138 130 54 51 151 156 51 51 51 42 42 51 90 51 42 68 68 141 42 51 42 167 46 42 68 42 103 71 52 68 106 43 79 138 46 47 212 122 