43 47 49 47 47 53 36 49 43 20 63 43 47 49 43 47 36 63 47 18 47 47 47 