47 47 47 47 -1 46 46 47 57 -1 46 43 46 47 45 -1 46 46 47 46 -1 46 50 -1 46 57 46 53 47 46 46 47 46 46 46 43 46 