39 29 29 36 29 62 30 -1 47 29 29 29 29 35 34 29 62 29 29 34 29 29 62 34 -1 29 