6788 7142 7606 7142 7575 7143 7142 7142 7142 7142 7142 7142 7142 7142 7367 7142 7142 7142 7142 7142 7142 7142 7142 7142 7915 7142 7142 7737 7142 7142 