2044 2044 2044 2044 2044 2044 2044 2044 2044 2541 2044 2044 2044 2082 2044 2044 2044 2044 2044 2044 2044 2044 2209 2044 2044 2044 2044 2044 2044 2044 2044 2044 2044 2044 2285 2044 2044 2044 2044 2876 2044 2044 2044 2406 2728 2044 2044 2044 2044 2044 2044 2044 2044 2044 2044 