3185 3185 3185 3185 3185 3185 3185 3185 3185 3185 3185 3185 3185 3185 3185 3185 3185 3185 3185 3479 3185 3185 3185 3185 3185 3185 3185 3185 3185 4106 3185 3185 3185 4518 3185 3185 3185 3185 3185 3185 3185 3185 3185 3185 3185 3185 4270 3185 3185 3185 3185 3185 3185 3185 