468 468 468 468 416 468 468 602 468 468 468 468 468 491 468 468 468 582 679 468 713 468 468 468 416 468 468 679 416 468 416 468 554 468 631 468 468 468 468 468 507 468 962 468 468 468 468 468 468 468 468 602 527 468 416 468 468 468 468 468 608 468 543 468 630 1620 468 491 468 468 468 468 468 468 468 468 468 539 468 468 554 468 468 468 468 459 468 1120 