6752 6864 6856 6856 6752 6856 6934 6856 6856 6752 6856 