401 450 401 481 401 449 401 401 401 401 401 401 401 401 401 401 502 526 447 401 450 401 401 450 424 401 401 418 401 643 401 450 401 401 643 401 401 468 401 401 401 401 401 401 401 401 401 401 1369 401 401 401 450 401 668 401 401 401 401 401 401 418 401 401 401 401 401 401 401 401 401 401 401 401 401 401 450 401 401 401 401 401 401 401 450 401 401 401 401 401 401 401 418 401 401 401 450 401 401 