7771 8617 8617 8617 8617 8654 8712 8848 8617 8617 8694 8682 8617 8617 7890 8617 8617 8617 8617 7890 8617 8712 