85 112 62 62 62 62 62 62 106 108 62 62 62 62 62 85 82 62 62 144 62 62 62 69 62 62 62 62 108 62 62 70 62 134 62 62 62 62 62 62 174 62 62 78 62 