61 23 39 73 38 48 51 60 38 38 48 38 63 48 51 73 48 77 73 73 48 48 73 51 73 48 