253 146 149 98 165 100 130 130 98 146 480 162 264 100 259 98 346 100 165 163 208 224 163 130 165 315 172 253 434 281 149 143 163 100 124 130 191 98 130 141 98 165 124 98 210 175 165 146 294 152 100 253 152 133 149 116 163 325 130 130 179 264 137 98 98 100 130 130 339 100 100 249 152 165 98 100 146 163 139 100 100 206 98 253 100 98 281 146 98 146 345 146 264 215 163 210 116 130 130 141 