114 228 217 114 170 114 191 173 125 109 109 137 114 155 114 114 109 144 112 141 114 141 141 204 129 218 135 321 125 167 133 114 109 253 112 155 114 114 109 180 169 114 191 169 137 196 114 114 109 229 109 148 141 141 173 180 140 134 125 228 145 109 125 114 116 191 160 156 112 112 114 308 109 112 114 114 109 141 226 114 109 109 109 112 114 109 109 137 141 163 109 254 174 283 109 127 114 109 110 109 