219 174 244 221 197 174 226 457 174 174 174 174 174 174 174 174 174 174 174 247 322 255 174 174 242 174 174 174 174 263 174 174 273 174 174 122 122 174 174 174 174 433 174 271 174 341 174 247 244 174 174 174 174 271 174 233 244 237 174 174 174 174 583 174 174 174 204 174 174 318 174 174 174 221 174 174 174 174 174 174 174 174 174 304 174 174 178 174 174 174 174 174 174 174 174 174 174 423 174 174 