87 159 87 167 188 167 119 190 156 188 158 198 158 134 121 183 277 119 119 120 134 188 556 377 188 120 259 188 159 158 369 175 156 121 120 121 138 158 188 121 119 120 121 165 139 159 119 177 184 236 236 134 134 139 184 120 127 184 167 207 119 469 158 159 407 134 158 188 158 167 188 188 119 158 225 184 224 134 188 293 120 158 119 213 120 87 120 304 264 139 361 274 145 259 119 119 203 134 158 87 