343 343 343 349 432 343 403 403 432 343 432 499 343 431 499 349 343 343 1023 814 343 343 343 343 619 343 343 343 499 343 814 343 499 343 567 343 343 343 343 352 343 343 543 499 343 343 582 499 343 640 343 567 499 432 343 432 343 343 830 465 343 343 343 582 750 343 432 1335 712 343 343 567 343 530 465 499 403 403 432 343 499 343 493 742 343 431 499 557 343 465 349 343 343 662 557 343 499 412 556 343 