36 43 43 165 55 43 48 36 36 36 43 36 39 43 43 48 43 36 36 36 43 43 36 43 66 36 56 92 45 43 36 