75 137 113 107 107 173 137 163 107 107 287 202 113 137 173 137 137 173 137 107 153 75 202 122 113 113 137 115 137 173 137 107 199 137 129 138 200 172 296 107 107 347 128 179 202 155 114 192 200 113 176 153 328 75 137 113 137 137 147 258 128 153 113 107 107 107 137 80 107 155 152 137 219 130 137 107 128 76 153 281 130 128 