8964 8964 8964 8964 8964 8964 9002 8964 9287 8964 8964 8964 9002 8964 8964 8964 8964 8964 9143 8964 8964 