52 56 66 140 52 56 92 67 56 56 104 56 80 77 52 56 56 67 56 56 75 75 56 56 52 82 56 82 56 147 91 56 153 62 62 66 56 104 56 56 113 56 