2607 2607 2586 2607 2607 2493 2607 2586 2591 2607 2503 2607 2493 2607 2815 3107 2493 2787 2448 3018 2607 2447 