471 473 530 649 471 338 649 312 825 312 312 518 649 338 416 312 854 334 338 268 268 471 268 236 312 268 365 268 664 649 473 268 312 236 365 268 