117 71 106 71 71 197 93 71 71 71 186 93 71 139 71 71 71 71 71 158 218 71 94 145 223 71 99 71 71 142 71 71 106 104 71 71 75 71 94 71 71 174 71 71 71 92 71 71 71 124 71 93 71 71 120 127 139 117 