159 172 136 156 167 156 144 156 159 156 156 156 172 156 156 156 205 163 159 174 250 136 347 156 156 199 156 145 172 161 242 156 136 167 156 159 156 167 205 207 169 167 408 156 167 148 242 163 156 136 285 144 156 167 156 161 161 153 207 243 197 156 156 205 243 156 156 156 243 145 161 227 285 159 156 156 156 169 525 156 195 207 156 159 159 221 145 170 161 160 161 156 156 153 285 