55 63 55 55 57 55 55 55 55 90 62 55 55 55 55 55 55 55 55 55 55 115 55 55 55 55 55 55 55 167 55 63 55 