84 73 73 73 115 73 73 84 73 73 73 178 73 115 107 73 83 73 80 73 101 124 126 72 73 115 73 73 107 107 73 73 73 175 96 73 73 73 73 73 73 73 73 73 107 97 73 178 152 84 81 80 107 73 73 