64 82 99 64 158 64 78 64 82 64 64 64 64 64 96 83 64 80 64 83 64 196 69 64 64 64 171 64 64 64 64 168 64 83 134 64 64 64 94 64 82 64 64 64 82 64 82 