258 167 167 167 167 167 167 167 167 190 411 167 186 168 167 167 167 167 167 167 167 167 167 167 167 167 167 167 167 167 171 280 201 167 167 167 170 293 167 189 167 371 167 280 167 167 293 167 167 167 167 167 182 212 167 167 167 186 167 167 167 167 167 167 194 315 167 167 234 167 182 167 167 167 167 167 167 258 167 167 167 167 190 167 168 167 250 315 347 167 167 167 184 230 185 415 170 167 251 251 