196 152 207 152 152 196 158 152 255 162 226 226 152 152 155 152 207 155 162 367 294 190 155 180 196 152 155 152 566 152 158 152 238 207 152 196 152 152 196 152 196 182 152 207 152 152 342 207 152 196 152 706 152 256 233 196 202 152 226 184 152 209 152 152 155 152 152 196 152 152 152 226 193 312 152 152 152 207 152 152 351 152 256 173 226 152 152 152 152 162 173 180 226 196 155 152 152 152 173 152 