539 566 256 256 369 346 500 392 256 673 500 332 329 346 332 256 630 238 478 332 256 369 527 256 332 238 346 425 504 256 718 808 238 718 346 238 238 238 369 238 238 322 366 256 816 238 557 801 369 608 256 256 726 408 348 222 608 369 945 478 410 410 256 560 286 515 718 718 238 238 323 392 410 801 504 375 256 238 222 375 256 238 539 785 256 317 222 238 332 256 375 577 410 256 256 408 383 317 566 410 