671 671 671 671 671 671 671 671 671 671 671 671 671 671 671 671 671 671 671 671 671 718 671 671 671 671 671 671 680 1000 671 671 671 671 671 671 671 671 671 671 671 671 671 671 671 671 889 671 671 678 671 671 671 671 671 671 671 671 671 747 671 671 671 671 671 671 671 671 671 671 671 671 680 671 671 671 671 671 671 671 671 671 671 671 671 718 671 671 671 671 671 671 671 671 671 671 671 671 671 1120 