587 587 587 587 587 587 587 587 587 587 587 587 587 587 587 587 587 1193 587 587 587 587 587 587 587 587 587 587 587 587 587 587 587 587 587 587 587 587 587 587 587 587 587 587 763 587 587 587 587 587 587 587 587 587 587 587 587 1151 587 587 587 587 1353 856 587 713 760 587 587 587 587 884 587 713 587 713 587 587 587 587 587 587 587 587 587 587 587 626 844 587 587 587 587 587 587 846 587 587 587 587 