579 343 371 343 440 613 371 579 541 340 343 834 340 694 340 541 343 340 343 1251 452 607 416 359 343 340 539 343 371 340 343 613 371 876 579 589 569 924 440 343 927 371 340 1418 579 410 542 468 855 343 410 607 497 359 340 343 340 363 693 359 340 343 343 579 522 440 343 371 452 371 343 579 416 340 340 343 825 657 343 359 343 340 343 868 343 468 607 343 542 483 579 343 340 468 579 340 359 371 1114 432 