364 212 200 200 200 200 200 200 211 647 200 200 200 200 302 353 212 200 200 200 337 200 200 200 282 200 200 215 200 200 200 200 219 200 200 219 200 200 212 200 200 200 200 200 200 200 490 200 200 200 219 200 200 231 200 200 200 302 200 215 200 200 200 504 219 200 200 200 200 200 200 200 200 200 200 200 250 200 260 200 200 200 200 200 200 200 200 200 200 200 200 200 200 200 200 200 200 200 577 294 