132 197 296 236 197 197 197 197 197 197 197 284 197 197 197 197 197 239 197 239 197 197 197 197 284 263 197 197 197 197 197 209 197 197 197 197 197 214 229 197 197 216 197 229 197 197 197 197 197 197 197 197 197 197 197 197 197 197 431 197 197 197 199 197 197 197 197 197 197 197 197 368 197 197 197 197 197 236 197 154 197 197 154 240 197 172 197 197 197 239 197 197 197 197 199 197 197 197 197 197 