326 747 707 432 464 326 326 648 379 326 326 326 652 326 437 326 648 326 326 326 495 375 326 432 326 652 326 459 326 326 463 326 326 326 326 326 326 409 326 326 326 922 326 435 530 1023 326 326 372 326 326 326 326 326 326 655 599 326 326 326 326 1250 434 733 326 376 376 326 550 548 326 326 376 327 788 326 326 654 788 372 326 326 583 326 2304 326 326 518 389 326 351 326 326 326 326 326 432 423 351 326 