526 450 369 369 311 526 907 365 311 674 526 788 311 286 450 330 781 369 526 738 733 450 674 450 381 252 418 454 668 369 308 907 674 745 311 381 723 526 450 286 286 776 513 286 369 286 286 488 559 431 693 311 354 252 488 391 464 493 990 450 526 824 286 425 281 532 493 1163 1053 316 577 340 286 252 252 286 450 565 526 938 304 369 776 418 286 366 281 431 336 542 286 450 340 592 286 450 286 369 693 369 