632 632 632 632 632 632 632 632 632 659 632 632 632 632 632 632 794 632 632 632 632 632 632 1114 632 632 632 632 632 947 776 632 632 632 632 632 632 632 632 632 632 632 632 632 632 632 632 790 632 632 632 632 632 632 1386 632 632 632 632 632 632 632 632 632 632 632 632 632 632 632 1360 632 632 632 632 632 632 632 632 632 632 632 632 632 632 632 632 632 632 632 632 632 632 632 632 632 632 639 632 632 