509 505 505 505 505 588 505 505 505 505 505 505 505 505 663 505 505 505 505 505 843 505 689 800 505 505 505 505 683 505 505 505 591 505 505 505 505 505 505 505 505 505 505 505 505 716 505 543 599 672 505 505 883 505 509 505 800 505 505 505 505 505 843 843 505 505 505 615 510 505 526 505 505 505 505 505 510 505 505 613 505 505 568 505 505 792 813 505 778 505 505 505 505 505 672 505 505 505 505 505 