419 419 584 811 428 419 536 863 419 419 419 419 419 497 419 700 661 419 497 419 492 419 717 419 419 461 428 498 419 485 419 419 419 419 419 524 419 497 419 419 419 461 497 497 1368 811 593 419 419 419 419 461 419 419 419 419 419 428 419 630 419 419 419 712 419 419 822 419 471 428 558 419 428 419 419 419 822 419 497 668 419 419 428 428 532 419 419 863 428 419 428 497 498 534 419 625 419 419 419 498 