354 166 141 328 141 325 141 243 177 258 171 141 141 141 141 217 147 335 141 141 141 166 141 141 159 151 141 180 141 160 194 161 382 141 141 141 141 141 141 141 141 171 157 141 207 141 207 172 141 141 141 141 161 141 207 141 210 141 141 165 141 141 141 141 141 217 141 141 141 141 141 193 358 393 160 462 141 141 141 141 141 141 141 141 141 170 170 225 141 141 141 141 141 141 141 141 141 141 260 160 