206 206 206 206 206 206 206 206 206 206 206 206 206 206 206 206 206 206 206 206 301 402 206 206 206 223 206 206 206 206 206 206 236 278 206 206 206 206 292 289 206 206 206 206 206 206 207 206 206 206 206 206 206 206 206 206 206 206 474 206 206 206 206 206 206 206 206 298 206 206 206 301 206 206 206 304 206 206 206 206 206 206 206 206 292 206 206 207 206 404 206 206 206 555 206 206 206 206 206 206 