312 580 422 347 312 312 407 528 312 312 355 517 312 517 517 312 978 517 517 564 312 802 312 1296 312 312 467 312 312 467 852 312 581 852 312 312 312 312 426 775 420 517 312 312 407 290 474 353 517 312 312 312 353 528 561 312 312 312 312 467 312 566 517 312 921 312 312 312 561 312 426 312 733 564 528 813 312 370 290 312 802 528 517 407 322 528 420 312 312 312 312 564 424 312 580 312 1192 312 355 517 